/home/ubuntu/Difflet/.venv/lib/python3.12/site-packages/neuronx_distributed/modules/moe/blockwise.py:100: DeprecationWarning: torch_neuronx.nki_jit is deprecated, use nki.jit instead.
  component, error = import_nki(config)
/home/ubuntu/Difflet/.venv/lib/python3.12/site-packages/neuronx_distributed/modules/moe/blockwise.py:102: UserWarning: Warning: Failed to import blockwise_mm_baseline_shard_hidden: No module named 'neuronxcc.nki._private.blockwise_mm'
  warnings.warn(f"Warning: {error}")
/home/ubuntu/Difflet/.venv/lib/python3.12/site-packages/neuronx_distributed/modules/moe/blockwise.py:102: UserWarning: Warning: Failed to import blockwise_mm_bwd: No module named 'neuronxcc.nki._private.blockwise_mm_bwd'
  warnings.warn(f"Warning: {error}")
/home/ubuntu/Difflet/.venv/lib/python3.12/site-packages/neuronx_distributed/modules/moe/blockwise.py:102: UserWarning: Warning: Failed to import blockwise_mm_bwd_baseline_shard_hidden: No module named 'neuronxcc.nki._private.blockwise_mm_bwd'
  warnings.warn(f"Warning: {error}")
INFO:Neuron:Saving the neuron_config to /home/ubuntu/.cache/difflet/minimax_h3_audio_vae_f124_chunk48/
INFO:Neuron:Generating HLOs for the following models: ['MiniMaxH3AudioVAEDecoderModel']
[2026-09-30 17:55:18.893: I neuronx_distributed/parallel_layers/parallel_state.py:638] > initializing tensor model parallel with size 1
[2026-09-30 17:55:18.893: I neuronx_distributed/parallel_layers/parallel_state.py:639] > initializing pipeline model parallel with size 1
[2026-09-30 17:55:18.893: I neuronx_distributed/parallel_layers/parallel_state.py:640] > initializing context model parallel with size 1
[2026-09-30 17:55:18.893: I neuronx_distributed/parallel_layers/parallel_state.py:641] > initializing data parallel with size 1
[2026-09-30 17:55:18.893: I neuronx_distributed/parallel_layers/parallel_state.py:642] > initializing world size to 1
[2026-09-30 17:55:18.893: I neuronx_distributed/parallel_layers/parallel_state.py:387] [rank_0_pp-1_tp-1_dp-1_cp-1] Chosen Logic for replica groups ret_logic=<PG_Group_Logic.LOGIC1: (<function ascending_ring_PG_group at 0x7f392d3e1440>, 'Ascending Ring PG Group')>
[2026-09-30 17:55:18.893: I neuronx_distributed/parallel_layers/parallel_state.py:666] [rank_0_pp-1_tp-1_dp-1_cp-1] tp_groups: replica_groups.tp_groups=[[0]]
[2026-09-30 17:55:18.893: I neuronx_distributed/parallel_layers/parallel_state.py:667] [rank_0_pp-1_tp-1_dp-1_cp-1] dp_groups: replica_groups.dp_groups=[[0]]
[2026-09-30 17:55:18.893: I neuronx_distributed/parallel_layers/parallel_state.py:668] [rank_0_pp-1_tp-1_dp-1_cp-1] pp_groups: replica_groups.pp_groups=[[0]]
[2026-09-30 17:55:18.894: I neuronx_distributed/parallel_layers/parallel_state.py:669] [rank_0_pp-1_tp-1_dp-1_cp-1] cp_groups: replica_groups.cp_groups=[[0]]
[2026-09-30 17:55:18.894: I neuronx_distributed/parallel_layers/parallel_state.py:670] [rank_0_pp-1_tp-1_dp-1_cp-1] ep_model_groups: replica_groups.ep_model_groups=[[0]]
[2026-09-30 17:55:18.894: I neuronx_distributed/parallel_layers/parallel_state.py:671] [rank_0_pp-1_tp-1_dp-1_cp-1] ep_data_groups: replica_groups.ep_data_groups=[[0]]
INFO:Neuron:Generating 1 hlos for key: MiniMaxH3AudioVAEDecoderModel
INFO:Neuron:Minimal metadata will be added to HLO
INFO:Neuron:Started loading module MiniMaxH3AudioVAEDecoderModel
INFO:Neuron:Finished loading module MiniMaxH3AudioVAEDecoderModel in 0.32350826263427734 seconds
INFO:Neuron:generating HLO: MiniMaxH3AudioVAEDecoderModel, input example shape = torch.Size([2, 32, 48])
INFO:Neuron:Finished generating HLO for MiniMaxH3AudioVAEDecoderModel in 1.4613301753997803 seconds, input example shape = torch.Size([2, 32, 48])
INFO:Neuron:Generated all HLOs in 1.8574647903442383 seconds
INFO:Neuron:Starting compilation for the priority HLO
INFO:Neuron:'MiniMaxH3AudioVAEDecoderModel' is the priority model with bucket rank 0
/home/ubuntu/Difflet/.venv/lib/python3.12/site-packages/libneuronxla/neuron_cc_wrapper.py:287: SyntaxWarning: str format compiler_flags is discouraged as its handling involves repeated joining and splitting, which can easily make mistakes if something is quoted or escaped. Use list[str] instead. Refer to documentation of the Python subprocess module for details.
  warnings.warn(SyntaxWarning(
.Inserted NKI kernel for conv:   float32 (2, 512, 1, 255) %'convolution.4' = NativeNkiKernel-11207_Conv1d_depthwise_bf01_oi01_bf01(float32 (2, 512, 1, 250) %'reshape.8', float32 (512, 1, 1, 6) %'reshape.9') {
  } # dl = tensor_op_name: NeuronMiniMaxH3AudioVAEDecoderApplication[.1]/MiniMaxH3AudioVAEDecoderModel[.1]/MiniMaxH3AudioBigVGANDecoder[.1]/MiniMaxH3AudioAMPBlock[.1]/MiniMaxH3AudioActivation1d[.1]/MiniMaxH3AudioUpSample1d[.1]/aten.convolution.default/aten__convolution_overrideable_convolution.1969 | hlo_id: 1969 | /home/ubuntu/Difflet/difflet/models/minimax_h3/modeling_vae.py:375:0 | , id = 11207
Inserted NKI kernel for conv:   float32 (2, 512, 1, 255) %'convolution.5' = NativeNkiKernel-11208_Conv1d_depthwise_bf01_oi01_bf01(float32 (2, 512, 1, 250) %'reshape.8', float32 (512, 1, 1, 6) %'reshape.11') {
  } # dl = tensor_op_name: NeuronMiniMaxH3AudioVAEDecoderApplication[.1]/MiniMaxH3AudioVAEDecoderModel[.1]/MiniMaxH3AudioBigVGANDecoder[.1]/MiniMaxH3AudioAMPBlock[.1]/MiniMaxH3AudioActivation1d[.1]/MiniMaxH3AudioUpSample1d[.1]/aten.convolution.default/aten__convolution_overrideable_convolution.1963 | hlo_id: 1963 | /home/ubuntu/Difflet/difflet/models/minimax_h3/modeling_vae.py:381:0 | , id = 11208
Inserted NKI kernel for conv:   float32 (2, 512, 1, 255) %'convolution.8' = NativeNkiKernel-11209_Conv1d_depthwise_bf01_oi01_bf01(float32 (2, 512, 1, 250) %'reshape.21', float32 (512, 1, 1, 6) %'reshape.9') {
  } # dl = tensor_op_name: NeuronMiniMaxH3AudioVAEDecoderApplication[.1]/MiniMaxH3AudioVAEDecoderModel[.1]/MiniMaxH3AudioBigVGANDecoder[.1]/MiniMaxH3AudioAMPBlock[.1]/MiniMaxH3AudioActivation1d[.2]/MiniMaxH3AudioUpSample1d[.2]/aten.convolution.default/aten__convolution_overrideable_convolution.2040 | hlo_id: 2040 | /home/ubuntu/Difflet/difflet/models/minimax_h3/modeling_vae.py:375:0 | , id = 11209
Inserted NKI kernel for conv:   float32 (2, 512, 1, 255) %'convolution.9' = NativeNkiKernel-11210_Conv1d_depthwise_bf01_oi01_bf01(float32 (2, 512, 1, 250) %'reshape.21', float32 (512, 1, 1, 6) %'reshape.11') {
  } # dl = tensor_op_name: NeuronMiniMaxH3AudioVAEDecoderApplication[.1]/MiniMaxH3AudioVAEDecoderModel[.1]/MiniMaxH3AudioBigVGANDecoder[.1]/MiniMaxH3AudioAMPBlock[.1]/MiniMaxH3AudioActivation1d[.2]/MiniMaxH3AudioUpSample1d[.2]/aten.convolution.default/aten__convolution_overrideable_convolution.2034 | hlo_id: 2034 | /home/ubuntu/Difflet/difflet/models/minimax_h3/modeling_vae.py:381:0 | , id = 11210
Inserted NKI kernel for conv:   float32 (2, 512, 1, 255) %'convolution.12' = NativeNkiKernel-11211_Conv1d_depthwise_bf01_oi01_bf01(float32 (2, 512, 1, 250) %'reshape.32', float32 (512, 1, 1, 6) %'reshape.9') {
  } # dl = tensor_op_name: NeuronMiniMaxH3AudioVAEDecoderApplication[.1]/MiniMaxH3AudioVAEDecoderModel[.1]/MiniMaxH3AudioBigVGANDecoder[.1]/MiniMaxH3AudioAMPBlock[.1]/MiniMaxH3AudioActivation1d[.3]/MiniMaxH3AudioUpSample1d[.3]/aten.convolution.default/aten__convolution_overrideable_convolution.2114 | hlo_id: 2114 | /home/ubuntu/Difflet/difflet/models/minimax_h3/modeling_vae.py:375:0 | , id = 11211
Inserted NKI kernel for conv:   float32 (2, 512, 1, 255) %'convolution.13' = NativeNkiKernel-11212_Conv1d_depthwise_bf01_oi01_bf01(float32 (2, 512, 1, 250) %'reshape.32', float32 (512, 1, 1, 6) %'reshape.11') {
  } # dl = tensor_op_name: NeuronMiniMaxH3AudioVAEDecoderApplication[.1]/MiniMaxH3AudioVAEDecoderModel[.1]/MiniMaxH3AudioBigVGANDecoder[.1]/MiniMaxH3AudioAMPBlock[.1]/MiniMaxH3AudioActivation1d[.3]/MiniMaxH3AudioUpSample1d[.3]/aten.convolution.default/aten__convolution_overrideable_convolution.2108 | hlo_id: 2108 | /home/ubuntu/Difflet/difflet/models/minimax_h3/modeling_vae.py:381:0 | , id = 11212
Inserted NKI kernel for conv:   float32 (2, 512, 1, 255) %'convolution.16' = NativeNkiKernel-11213_Conv1d_depthwise_bf01_oi01_bf01(float32 (2, 512, 1, 250) %'reshape.43', float32 (512, 1, 1, 6) %'reshape.9') {
  } # dl = tensor_op_name: NeuronMiniMaxH3AudioVAEDecoderApplication[.1]/MiniMaxH3AudioVAEDecoderModel[.1]/MiniMaxH3AudioBigVGANDecoder[.1]/MiniMaxH3AudioAMPBlock[.1]/MiniMaxH3AudioActivation1d[.4]/MiniMaxH3AudioUpSample1d[.4]/aten.convolution.default/aten__convolution_overrideable_convolution.2185 | hlo_id: 2185 | /home/ubuntu/Difflet/difflet/models/minimax_h3/modeling_vae.py:375:0 | , id = 11213
Inserted NKI kernel for conv:   float32 (2, 512, 1, 255) %'convolution.17' = NativeNkiKernel-11214_Conv1d_depthwise_bf01_oi01_bf01(float32 (2, 512, 1, 250) %'reshape.43', float32 (512, 1, 1, 6) %'reshape.11') {
  } # dl = tensor_op_name: NeuronMiniMaxH3AudioVAEDecoderApplication[.1]/MiniMaxH3AudioVAEDecoderModel[.1]/MiniMaxH3AudioBigVGANDecoder[.1]/MiniMaxH3AudioAMPBlock[.1]/MiniMaxH3AudioActivation1d[.4]/MiniMaxH3AudioUpSample1d[.4]/aten.convolution.default/aten__convolution_overrideable_convolution.2179 | hlo_id: 2179 | /home/ubuntu/Difflet/difflet/models/minimax_h3/modeling_vae.py:381:0 | , id = 11214
Inserted NKI kernel for conv:   float32 (2, 512, 1, 255) %'convolution.20' = NativeNkiKernel-11215_Conv1d_depthwise_bf01_oi01_bf01(float32 (2, 512, 1, 250) %'reshape.54', float32 (512, 1, 1, 6) %'reshape.9') {
  } # dl = tensor_op_name: NeuronMiniMaxH3AudioVAEDecoderApplication[.1]/MiniMaxH3AudioVAEDecoderModel[.1]/MiniMaxH3AudioBigVGANDecoder[.1]/MiniMaxH3AudioAMPBlock[.1]/MiniMaxH3AudioActivation1d[.5]/MiniMaxH3AudioUpSample1d[.5]/aten.convolution.default/aten__convolution_overrideable_convolution.2259 | hlo_id: 2259 | /home/ubuntu/Difflet/difflet/models/minimax_h3/modeling_vae.py:375:0 | , id = 11215
Inserted NKI kernel for conv:   float32 (2, 512, 1, 255) %'convolution.21' = NativeNkiKernel-11216_Conv1d_depthwise_bf01_oi01_bf01(float32 (2, 512, 1, 250) %'reshape.54', float32 (512, 1, 1, 6) %'reshape.11') {
  } # dl = tensor_op_name: NeuronMiniMaxH3AudioVAEDecoderApplication[.1]/MiniMaxH3AudioVAEDecoderModel[.1]/MiniMaxH3AudioBigVGANDecoder[.1]/MiniMaxH3AudioAMPBlock[.1]/MiniMaxH3AudioActivation1d[.5]/MiniMaxH3AudioUpSample1d[.5]/aten.convolution.default/aten__convolution_overrideable_convolution.2253 | hlo_id: 2253 | /home/ubuntu/Difflet/difflet/models/minimax_h3/modeling_vae.py:381:0 | , id = 11216
Inserted NKI kernel for conv:   float32 (2, 512, 1, 255) %'convolution.24' = NativeNkiKernel-11217_Conv1d_depthwise_bf01_oi01_bf01(float32 (2, 512, 1, 250) %'reshape.65', float32 (512, 1, 1, 6) %'reshape.9') {
  } # dl = tensor_op_name: NeuronMiniMaxH3AudioVAEDecoderApplication[.1]/MiniMaxH3AudioVAEDecoderModel[.1]/MiniMaxH3AudioBigVGANDecoder[.1]/MiniMaxH3AudioAMPBlock[.1]/MiniMaxH3AudioActivation1d[.6]/MiniMaxH3AudioUpSample1d[.6]/aten.convolution.default/aten__convolution_overrideable_convolution.2330 | hlo_id: 2330 | /home/ubuntu/Difflet/difflet/models/minimax_h3/modeling_vae.py:375:0 | , id = 11217
Inserted NKI kernel for conv:   float32 (2, 512, 1, 255) %'convolution.25' = NativeNkiKernel-11218_Conv1d_depthwise_bf01_oi01_bf01(float32 (2, 512, 1, 250) %'reshape.65', float32 (512, 1, 1, 6) %'reshape.11') {
  } # dl = tensor_op_name: NeuronMiniMaxH3AudioVAEDecoderApplication[.1]/MiniMaxH3AudioVAEDecoderModel[.1]/MiniMaxH3AudioBigVGANDecoder[.1]/MiniMaxH3AudioAMPBlock[.1]/MiniMaxH3AudioActivation1d[.6]/MiniMaxH3AudioUpSample1d[.6]/aten.convolution.default/aten__convolution_overrideable_convolution.2324 | hlo_id: 2324 | /home/ubuntu/Difflet/difflet/models/minimax_h3/modeling_vae.py:381:0 | , id = 11218
Inserted NKI kernel for conv:   float32 (2, 512, 1, 255) %'convolution.30' = NativeNkiKernel-11219_Conv1d_depthwise_bf01_oi01_bf01(float32 (2, 512, 1, 250) %'reshape.81', float32 (512, 1, 1, 6) %'reshape.9') {
  } # dl = tensor_op_name: NeuronMiniMaxH3AudioVAEDecoderApplication[.1]/MiniMaxH3AudioVAEDecoderModel[.1]/MiniMaxH3AudioBigVGANDecoder[.1]/MiniMaxH3AudioAMPBlock[.2]/MiniMaxH3AudioActivation1d[.8]/MiniMaxH3AudioUpSample1d[.8]/aten.convolution.default/aten__convolution_overrideable_convolution.1494 | hlo_id: 1494 | /home/ubuntu/Difflet/difflet/models/minimax_h3/modeling_vae.py:375:0 | , id = 11219
Inserted NKI kernel for conv:   float32 (2, 512, 1, 255) %'convolution.31' = NativeNkiKernel-11220_Conv1d_depthwise_bf01_oi01_bf01(float32 (2, 512, 1, 250) %'reshape.81', float32 (512, 1, 1, 6) %'reshape.11') {
  } # dl = tensor_op_name: NeuronMiniMaxH3AudioVAEDecoderApplication[.1]/MiniMaxH3AudioVAEDecoderModel[.1]/MiniMaxH3AudioBigVGANDecoder[.1]/MiniMaxH3AudioAMPBlock[.2]/MiniMaxH3AudioActivation1d[.8]/MiniMaxH3AudioUpSample1d[.8]/aten.convolution.default/aten__convolution_overrideable_convolution.1488 | hlo_id: 1488 | /home/ubuntu/Difflet/difflet/models/minimax_h3/modeling_vae.py:381:0 | , id = 11220
Inserted NKI kernel for conv:   float32 (2, 512, 1, 255) %'convolution.34' = NativeNkiKernel-11221_Conv1d_depthwise_bf01_oi01_bf01(float32 (2, 512, 1, 250) %'reshape.92', float32 (512, 1, 1, 6) %'reshape.9') {
  } # dl = tensor_op_name: NeuronMiniMaxH3AudioVAEDecoderApplication[.1]/MiniMaxH3AudioVAEDecoderModel[.1]/MiniMaxH3AudioBigVGANDecoder[.1]/MiniMaxH3AudioAMPBlock[.2]/MiniMaxH3AudioActivation1d[.9]/MiniMaxH3AudioUpSample1d[.9]/aten.convolution.default/aten__convolution_overrideable_convolution.1568 | hlo_id: 1568 | /home/ubuntu/Difflet/difflet/models/minimax_h3/modeling_vae.py:375:0 | , id = 11221
Inserted NKI kernel for conv:   float32 (2, 512, 1, 255) %'convolution.35' = NativeNkiKernel-11222_Conv1d_depthwise_bf01_oi01_bf01(float32 (2, 512, 1, 250) %'reshape.92', float32 (512, 1, 1, 6) %'reshape.11') {
  } # dl = tensor_op_name: NeuronMiniMaxH3AudioVAEDecoderApplication[.1]/MiniMaxH3AudioVAEDecoderModel[.1]/MiniMaxH3AudioBigVGANDecoder[.1]/MiniMaxH3AudioAMPBlock[.2]/MiniMaxH3AudioActivation1d[.9]/MiniMaxH3AudioUpSample1d[.9]/aten.convolution.default/aten__convolution_overrideable_convolution.1562 | hlo_id: 1562 | /home/ubuntu/Difflet/difflet/models/minimax_h3/modeling_vae.py:381:0 | , id = 11222
Inserted NKI kernel for conv:   float32 (2, 512, 1, 255) %'convolution.38' = NativeNkiKernel-11223_Conv1d_depthwise_bf01_oi01_bf01(float32 (2, 512, 1, 250) %'reshape.103', float32 (512, 1, 1, 6) %'reshape.9') {
  } # dl = tensor_op_name: NeuronMiniMaxH3AudioVAEDecoderApplication[.1]/MiniMaxH3AudioVAEDecoderModel[.1]/MiniMaxH3AudioBigVGANDecoder[.1]/MiniMaxH3AudioAMPBlock[.2]/MiniMaxH3AudioActivation1d[.10]/MiniMaxH3AudioUpSample1d[.10]/aten.convolution.default/aten__convolution_overrideable_convolution.1639 | hlo_id: 1639 | /home/ubuntu/Difflet/difflet/models/minimax_h3/modeling_vae.py:375:0 | , id = 11223
Inserted NKI kernel for conv:   float32 (2, 512, 1, 255) %'convolution.39' = NativeNkiKernel-11224_Conv1d_depthwise_bf01_oi01_bf01(float32 (2, 512, 1, 250) %'reshape.103', float32 (512, 1, 1, 6) %'reshape.11') {
  } # dl = tensor_op_name: NeuronMiniMaxH3AudioVAEDecoderApplication[.1]/MiniMaxH3AudioVAEDecoderModel[.1]/MiniMaxH3AudioBigVGANDecoder[.1]/MiniMaxH3AudioAMPBlock[.2]/MiniMaxH3AudioActivation1d[.10]/MiniMaxH3AudioUpSample1d[.10]/aten.convolution.default/aten__convolution_overrideable_convolution.1633 | hlo_id: 1633 | /home/ubuntu/Difflet/difflet/models/minimax_h3/modeling_vae.py:381:0 | , id = 11224
Inserted NKI kernel for conv:   float32 (2, 512, 1, 255) %'convolution.42' = NativeNkiKernel-11225_Conv1d_depthwise_bf01_oi01_bf01(float32 (2, 512, 1, 250) %'reshape.114', float32 (512, 1, 1, 6) %'reshape.9') {
  } # dl = tensor_op_name: NeuronMiniMaxH3AudioVAEDecoderApplication[.1]/MiniMaxH3AudioVAEDecoderModel[.1]/MiniMaxH3AudioBigVGANDecoder[.1]/MiniMaxH3AudioAMPBlock[.2]/MiniMaxH3AudioActivation1d[.11]/MiniMaxH3AudioUpSample1d[.11]/aten.convolution.default/aten__convolution_overrideable_convolution.1713 | hlo_id: 1713 | /home/ubuntu/Difflet/difflet/models/minimax_h3/modeling_vae.py:375:0 | , id = 11225
Inserted NKI kernel for conv:   float32 (2, 512, 1, 255) %'convolution.43' = NativeNkiKernel-11226_Conv1d_depthwise_bf01_oi01_bf01(float32 (2, 512, 1, 250) %'reshape.114', float32 (512, 1, 1, 6) %'reshape.11') {
  } # dl = tensor_op_name: NeuronMiniMaxH3AudioVAEDecoderApplication[.1]/MiniMaxH3AudioVAEDecoderModel[.1]/MiniMaxH3AudioBigVGANDecoder[.1]/MiniMaxH3AudioAMPBlock[.2]/MiniMaxH3AudioActivation1d[.11]/MiniMaxH3AudioUpSample1d[.11]/aten.convolution.default/aten__convolution_overrideable_convolution.1707 | hlo_id: 1707 | /home/ubuntu/Difflet/difflet/models/minimax_h3/modeling_vae.py:381:0 | , id = 11226
Inserted NKI kernel for conv:   float32 (2, 512, 1, 255) %'convolution.46' = NativeNkiKernel-11227_Conv1d_depthwise_bf01_oi01_bf01(float32 (2, 512, 1, 250) %'reshape.125', float32 (512, 1, 1, 6) %'reshape.9') {
  } # dl = tensor_op_name: NeuronMiniMaxH3AudioVAEDecoderApplication[.1]/MiniMaxH3AudioVAEDecoderModel[.1]/MiniMaxH3AudioBigVGANDecoder[.1]/MiniMaxH3AudioAMPBlock[.2]/MiniMaxH3AudioActivation1d[.12]/MiniMaxH3AudioUpSample1d[.12]/aten.convolution.default/aten__convolution_overrideable_convolution.1784 | hlo_id: 1784 | /home/ubuntu/Difflet/difflet/models/minimax_h3/modeling_vae.py:375:0 | , id = 11227
Inserted NKI kernel for conv:   float32 (2, 512, 1, 255) %'convolution.47' = NativeNkiKernel-11228_Conv1d_depthwise_bf01_oi01_bf01(float32 (2, 512, 1, 250) %'reshape.125', float32 (512, 1, 1, 6) %'reshape.11') {
  } # dl = tensor_op_name: NeuronMiniMaxH3AudioVAEDecoderApplication[.1]/MiniMaxH3AudioVAEDecoderModel[.1]/MiniMaxH3AudioBigVGANDecoder[.1]/MiniMaxH3AudioAMPBlock[.2]/MiniMaxH3AudioActivation1d[.12]/MiniMaxH3AudioUpSample1d[.12]/aten.convolution.default/aten__convolution_overrideable_convolution.1778 | hlo_id: 1778 | /home/ubuntu/Difflet/difflet/models/minimax_h3/modeling_vae.py:381:0 | , id = 11228
Inserted NKI kernel for conv:   float32 (2, 512, 1, 255) %'convolution.52' = NativeNkiKernel-11229_Conv1d_depthwise_bf01_oi01_bf01(float32 (2, 512, 1, 250) %'reshape.141', float32 (512, 1, 1, 6) %'reshape.9') {
  } # dl = tensor_op_name: NeuronMiniMaxH3AudioVAEDecoderApplication[.1]/MiniMaxH3AudioVAEDecoderModel[.1]/MiniMaxH3AudioBigVGANDecoder[.1]/MiniMaxH3AudioAMPBlock[.3]/MiniMaxH3AudioActivation1d[.14]/MiniMaxH3AudioUpSample1d[.14]/aten.convolution.default/aten__convolution_overrideable_convolution.947 | hlo_id: 947 | /home/ubuntu/Difflet/difflet/models/minimax_h3/modeling_vae.py:375:0 | , id = 11229
Inserted NKI kernel for conv:   float32 (2, 512, 1, 255) %'convolution.53' = NativeNkiKernel-11230_Conv1d_depthwise_bf01_oi01_bf01(float32 (2, 512, 1, 250) %'reshape.141', float32 (512, 1, 1, 6) %'reshape.11') {
  } # dl = tensor_op_name: NeuronMiniMaxH3AudioVAEDecoderApplication[.1]/MiniMaxH3AudioVAEDecoderModel[.1]/MiniMaxH3AudioBigVGANDecoder[.1]/MiniMaxH3AudioAMPBlock[.3]/MiniMaxH3AudioActivation1d[.14]/MiniMaxH3AudioUpSample1d[.14]/aten.convolution.default/aten__convolution_overrideable_convolution.941 | hlo_id: 941 | /home/ubuntu/Difflet/difflet/models/minimax_h3/modeling_vae.py:381:0 | , id = 11230
Inserted NKI kernel for conv:   float32 (2, 512, 1, 255) %'convolution.56' = NativeNkiKernel-11231_Conv1d_depthwise_bf01_oi01_bf01(float32 (2, 512, 1, 250) %'reshape.152', float32 (512, 1, 1, 6) %'reshape.9') {
  } # dl = tensor_op_name: NeuronMiniMaxH3AudioVAEDecoderApplication[.1]/MiniMaxH3AudioVAEDecoderModel[.1]/MiniMaxH3AudioBigVGANDecoder[.1]/MiniMaxH3AudioAMPBlock[.3]/MiniMaxH3AudioActivation1d[.15]/MiniMaxH3AudioUpSample1d[.15]/aten.convolution.default/aten__convolution_overrideable_convolution.1021 | hlo_id: 1021 | /home/ubuntu/Difflet/difflet/models/minimax_h3/modeling_vae.py:375:0 | , id = 11231
Inserted NKI kernel for conv:   float32 (2, 512, 1, 255) %'convolution.57' = NativeNkiKernel-11232_Conv1d_depthwise_bf01_oi01_bf01(float32 (2, 512, 1, 250) %'reshape.152', float32 (512, 1, 1, 6) %'reshape.11') {
  } # dl = tensor_op_name: NeuronMiniMaxH3AudioVAEDecoderApplication[.1]/MiniMaxH3AudioVAEDecoderModel[.1]/MiniMaxH3AudioBigVGANDecoder[.1]/MiniMaxH3AudioAMPBlock[.3]/MiniMaxH3AudioActivation1d[.15]/MiniMaxH3AudioUpSample1d[.15]/aten.convolution.default/aten__convolution_overrideable_convolution.1015 | hlo_id: 1015 | /home/ubuntu/Difflet/difflet/models/minimax_h3/modeling_vae.py:381:0 | , id = 11232
Inserted NKI kernel for conv:   float32 (2, 512, 1, 255) %'convolution.60' = NativeNkiKernel-11233_Conv1d_depthwise_bf01_oi01_bf01(float32 (2, 512, 1, 250) %'reshape.163', float32 (512, 1, 1, 6) %'reshape.9') {
  } # dl = tensor_op_name: NeuronMiniMaxH3AudioVAEDecoderApplication[.1]/MiniMaxH3AudioVAEDecoderModel[.1]/MiniMaxH3AudioBigVGANDecoder[.1]/MiniMaxH3AudioAMPBlock[.3]/MiniMaxH3AudioActivation1d[.16]/MiniMaxH3AudioUpSample1d[.16]/aten.convolution.default/aten__convolution_overrideable_convolution.1092 | hlo_id: 1092 | /home/ubuntu/Difflet/difflet/models/minimax_h3/modeling_vae.py:375:0 | , id = 11233
Inserted NKI kernel for conv:   float32 (2, 512, 1, 255) %'convolution.61' = NativeNkiKernel-11234_Conv1d_depthwise_bf01_oi01_bf01(float32 (2, 512, 1, 250) %'reshape.163', float32 (512, 1, 1, 6) %'reshape.11') {
  } # dl = tensor_op_name: NeuronMiniMaxH3AudioVAEDecoderApplication[.1]/MiniMaxH3AudioVAEDecoderModel[.1]/MiniMaxH3AudioBigVGANDecoder[.1]/MiniMaxH3AudioAMPBlock[.3]/MiniMaxH3AudioActivation1d[.16]/MiniMaxH3AudioUpSample1d[.16]/aten.convolution.default/aten__convolution_overrideable_convolution.1086 | hlo_id: 1086 | /home/ubuntu/Difflet/difflet/models/minimax_h3/modeling_vae.py:381:0 | , id = 11234.......................................................
Inserted NKI kernel for conv:   float32 (2, 512, 1, 255) %'convolution.64' = NativeNkiKernel-11235_Conv1d_depthwise_bf01_oi01_bf01(float32 (2, 512, 1, 250) %'reshape.174', float32 (512, 1, 1, 6) %'reshape.9') {
  } # dl = tensor_op_name: NeuronMiniMaxH3AudioVAEDecoderApplication[.1]/MiniMaxH3AudioVAEDecoderModel[.1]/MiniMaxH3AudioBigVGANDecoder[.1]/MiniMaxH3AudioAMPBlock[.3]/MiniMaxH3AudioActivation1d[.17]/MiniMaxH3AudioUpSample1d[.17]/aten.convolution.default/aten__convolution_overrideable_convolution.1166 | hlo_id: 1166 | /home/ubuntu/Difflet/difflet/models/minimax_h3/modeling_vae.py:375:0 | , id = 11235
Inserted NKI kernel for conv:   float32 (2, 512, 1, 255) %'convolution.65' = NativeNkiKernel-11236_Conv1d_depthwise_bf01_oi01_bf01(float32 (2, 512, 1, 250) %'reshape.174', float32 (512, 1, 1, 6) %'reshape.11') {
  } # dl = tensor_op_name: NeuronMiniMaxH3AudioVAEDecoderApplication[.1]/MiniMaxH3AudioVAEDecoderModel[.1]/MiniMaxH3AudioBigVGANDecoder[.1]/MiniMaxH3AudioAMPBlock[.3]/MiniMaxH3AudioActivation1d[.17]/MiniMaxH3AudioUpSample1d[.17]/aten.convolution.default/aten__convolution_overrideable_convolution.1160 | hlo_id: 1160 | /home/ubuntu/Difflet/difflet/models/minimax_h3/modeling_vae.py:381:0 | , id = 11236
Inserted NKI kernel for conv:   float32 (2, 512, 1, 255) %'convolution.68' = NativeNkiKernel-11237_Conv1d_depthwise_bf01_oi01_bf01(float32 (2, 512, 1, 250) %'reshape.185', float32 (512, 1, 1, 6) %'reshape.9') {
  } # dl = tensor_op_name: NeuronMiniMaxH3AudioVAEDecoderApplication[.1]/MiniMaxH3AudioVAEDecoderModel[.1]/MiniMaxH3AudioBigVGANDecoder[.1]/MiniMaxH3AudioAMPBlock[.3]/MiniMaxH3AudioActivation1d[.18]/MiniMaxH3AudioUpSample1d[.18]/aten.convolution.default/aten__convolution_overrideable_convolution.1237 | hlo_id: 1237 | /home/ubuntu/Difflet/difflet/models/minimax_h3/modeling_vae.py:375:0 | , id = 11237
Inserted NKI kernel for conv:   float32 (2, 512, 1, 255) %'convolution.69' = NativeNkiKernel-11238_Conv1d_depthwise_bf01_oi01_bf01(float32 (2, 512, 1, 250) %'reshape.185', float32 (512, 1, 1, 6) %'reshape.11') {
  } # dl = tensor_op_name: NeuronMiniMaxH3AudioVAEDecoderApplication[.1]/MiniMaxH3AudioVAEDecoderModel[.1]/MiniMaxH3AudioBigVGANDecoder[.1]/MiniMaxH3AudioAMPBlock[.3]/MiniMaxH3AudioActivation1d[.18]/MiniMaxH3AudioUpSample1d[.18]/aten.convolution.default/aten__convolution_overrideable_convolution.1231 | hlo_id: 1231 | /home/ubuntu/Difflet/difflet/models/minimax_h3/modeling_vae.py:381:0 | , id = 11238

Compiler status PASS
2026-09-30 18:13:45.000524:  27440  [INFO]: Compilation Successfully Completed for model.MODULE_154c1079e368a414d969+ba20fb87.hlo_module.pb
INFO:Neuron:Done compilation for the priority HLO in 1105.5662369728088 seconds
INFO:Neuron:Done optimizing weight layout for all HLOs in 0.0031194686889648438 seconds
INFO:Neuron:Starting compilation for all HLOs
INFO:Neuron:Finished Compilation for all HLOs in 0.0015914440155029297 seconds
.
Compiler status PASS
INFO:Neuron:Done preparing weight layout transformation
INFO:Neuron:Finished building model in 1123.5795404911041 seconds
INFO:Neuron:Pre-sharding checkpoints.
INFO:Neuron:Sharding weights for ranks: 0...0
[2026-09-30 18:14:03.052: I neuronx_distributed/parallel_layers/parallel_state.py:638] > initializing tensor model parallel with size 1
[2026-09-30 18:14:03.052: I neuronx_distributed/parallel_layers/parallel_state.py:639] > initializing pipeline model parallel with size 1
[2026-09-30 18:14:03.052: I neuronx_distributed/parallel_layers/parallel_state.py:640] > initializing context model parallel with size 1
[2026-09-30 18:14:03.052: I neuronx_distributed/parallel_layers/parallel_state.py:641] > initializing data parallel with size 1
[2026-09-30 18:14:03.052: I neuronx_distributed/parallel_layers/parallel_state.py:642] > initializing world size to 1
[2026-09-30 18:14:03.052: I neuronx_distributed/parallel_layers/parallel_state.py:387] [rank_0_pp-1_tp-1_dp-1_cp-1] Chosen Logic for replica groups ret_logic=<PG_Group_Logic.LOGIC1: (<function ascending_ring_PG_group at 0x7f392d3e1440>, 'Ascending Ring PG Group')>
[2026-09-30 18:14:03.053: I neuronx_distributed/parallel_layers/parallel_state.py:666] [rank_0_pp-1_tp-1_dp-1_cp-1] tp_groups: replica_groups.tp_groups=[[0]]
[2026-09-30 18:14:03.053: I neuronx_distributed/parallel_layers/parallel_state.py:667] [rank_0_pp-1_tp-1_dp-1_cp-1] dp_groups: replica_groups.dp_groups=[[0]]
[2026-09-30 18:14:03.053: I neuronx_distributed/parallel_layers/parallel_state.py:668] [rank_0_pp-1_tp-1_dp-1_cp-1] pp_groups: replica_groups.pp_groups=[[0]]
[2026-09-30 18:14:03.053: I neuronx_distributed/parallel_layers/parallel_state.py:669] [rank_0_pp-1_tp-1_dp-1_cp-1] cp_groups: replica_groups.cp_groups=[[0]]
[2026-09-30 18:14:03.053: I neuronx_distributed/parallel_layers/parallel_state.py:670] [rank_0_pp-1_tp-1_dp-1_cp-1] ep_model_groups: replica_groups.ep_model_groups=[[0]]
[2026-09-30 18:14:03.053: I neuronx_distributed/parallel_layers/parallel_state.py:671] [rank_0_pp-1_tp-1_dp-1_cp-1] ep_data_groups: replica_groups.ep_data_groups=[[0]]
/home/ubuntu/Difflet/.venv/lib/python3.12/site-packages/neuronx_distributed/trace/trace.py:642: UserWarning: Removing redundant keys from checkpoint: []
  warnings.warn(f"Removing redundant keys from checkpoint: {keys_to_delete}")
INFO:Neuron:Done Sharding weights in 2.738901523000095
INFO:Neuron:Pre-sharding complete in 2.8s: 1 shard file(s), 247.7 MB total under /home/ubuntu/.cache/difflet/minimax_h3_audio_vae_f124_chunk48/weights/
