WARNING:root:libtpu.so and TPU device found. Setting PJRT_DEVICE=TPU.
WARNING:root:libtpu.so and TPU device found. Setting PJRT_DEVICE=TPU.
WARNING:root:libtpu.so and TPU device found. Setting PJRT_DEVICE=TPU.
WARNING:root:libtpu.so and TPU device found. Setting PJRT_DEVICE=TPU.
WARNING:torch_xla.backends:Setting mat mul precision multiple times is not recommended. If you need to do so, please empirically verify that the precision setting is behaving as expected.
WARNING:torch_xla.backends:Setting mat mul precision multiple times is not recommended. If you need to do so, please empirically verify that the precision setting is behaving as expected.
WARNING:torch_xla.backends:Setting mat mul precision multiple times is not recommended. If you need to do so, please empirically verify that the precision setting is behaving as expected.
WARNING:torch_xla.backends:Setting mat mul precision multiple times is not recommended. If you need to do so, please empirically verify that the precision setting is behaving as expected.
[rank1] checkpoint loaded on host in 7s host_rss=14.2G
[rank0] checkpoint loaded on host in 7s host_rss=14.2G
[rank3] checkpoint loaded on host in 7s host_rss=14.2G
[rank2] checkpoint loaded on host in 8s host_rss=14.2G
[rank0] resident hbm={'bytes_used': 9.28, 'bytes_limit': 15.75, 'peak_bytes_used': 9.28} host_rss=14.5G
/mnt/models/tpuenv312/lib/python3.12/site-packages/jax/_src/cloud_tpu_init.py:86: UserWarning: Transparent hugepages are not enabled. TPU runtime startup and shutdown time should be significantly improved on TPU v5e and newer. If not already set, you may need to enable transparent hugepages in your VM image (sudo sh -c "echo always > /sys/kernel/mm/transparent_hugepage/enabled")
  warnings.warn(
[rank1] resident hbm={'bytes_used': 9.28, 'bytes_limit': 15.75, 'peak_bytes_used': 9.28} host_rss=14.5G
/mnt/models/tpuenv312/lib/python3.12/site-packages/jax/_src/cloud_tpu_init.py:86: UserWarning: Transparent hugepages are not enabled. TPU runtime startup and shutdown time should be significantly improved on TPU v5e and newer. If not already set, you may need to enable transparent hugepages in your VM image (sudo sh -c "echo always > /sys/kernel/mm/transparent_hugepage/enabled")
  warnings.warn(
[rank3] resident hbm={'bytes_used': 9.28, 'bytes_limit': 15.75, 'peak_bytes_used': 9.28} host_rss=14.5G
/mnt/models/tpuenv312/lib/python3.12/site-packages/jax/_src/cloud_tpu_init.py:86: UserWarning: Transparent hugepages are not enabled. TPU runtime startup and shutdown time should be significantly improved on TPU v5e and newer. If not already set, you may need to enable transparent hugepages in your VM image (sudo sh -c "echo always > /sys/kernel/mm/transparent_hugepage/enabled")
  warnings.warn(
[rank2] resident hbm={'bytes_used': 9.28, 'bytes_limit': 15.75, 'peak_bytes_used': 9.28} host_rss=14.5G
/mnt/models/tpuenv312/lib/python3.12/site-packages/jax/_src/cloud_tpu_init.py:86: UserWarning: Transparent hugepages are not enabled. TPU runtime startup and shutdown time should be significantly improved on TPU v5e and newer. If not already set, you may need to enable transparent hugepages in your VM image (sudo sh -c "echo always > /sys/kernel/mm/transparent_hugepage/enabled")
  warnings.warn(
[rank0] forward 0 in 76.692s hbm={'bytes_used': 9.34, 'bytes_limit': 15.75, 'peak_bytes_used': 9.36} host_rss=14.7G
[rank1] forward 0 in 76.43s hbm={'bytes_used': 9.34, 'bytes_limit': 15.75, 'peak_bytes_used': 9.36} host_rss=14.7G
[rank3] forward 0 in 76.096s hbm={'bytes_used': 9.34, 'bytes_limit': 15.75, 'peak_bytes_used': 9.36} host_rss=14.7G
[rank2] forward 0 in 75.856s hbm={'bytes_used': 9.34, 'bytes_limit': 15.75, 'peak_bytes_used': 9.36} host_rss=14.7G
[rank3] forward 1 in 1.766s hbm={'bytes_used': 9.34, 'bytes_limit': 15.75, 'peak_bytes_used': 9.36} host_rss=14.7G
[rank0] forward 1 in 1.766s hbm={'bytes_used': 9.34, 'bytes_limit': 15.75, 'peak_bytes_used': 9.36} host_rss=14.7G
[rank2] forward 1 in 1.766s hbm={'bytes_used': 9.34, 'bytes_limit': 15.75, 'peak_bytes_used': 9.36} host_rss=14.7G
[rank1] forward 1 in 1.766s hbm={'bytes_used': 9.34, 'bytes_limit': 15.75, 'peak_bytes_used': 9.36} host_rss=14.7G
[rank3] forward 2 in 1.748s hbm={'bytes_used': 9.34, 'bytes_limit': 15.75, 'peak_bytes_used': 9.36} host_rss=14.7G
[rank0] forward 2 in 1.748s hbm={'bytes_used': 9.34, 'bytes_limit': 15.75, 'peak_bytes_used': 9.36} host_rss=14.7G
[rank1] forward 2 in 1.748s hbm={'bytes_used': 9.34, 'bytes_limit': 15.75, 'peak_bytes_used': 9.36} host_rss=14.7G
[rank2] forward 2 in 1.748s hbm={'bytes_used': 9.34, 'bytes_limit': 15.75, 'peak_bytes_used': 9.36} host_rss=14.7G
{
 "step_s": [
  76.692,
  1.766,
  1.748
 ],
 "video_shape": [
  1,
  6144,
  128
 ],
 "audio_shape": [
  1,
  126,
  128
 ],
 "finite": true,
 "hbm_peak_gb": 9.36,
 "video": {
  "cosine": 0.9998295307159424,
  "rel_l1": 0.018269332125782967,
  "max_abs": 0.035197317600250244
 },
 "audio": {
  "cosine": 0.9995746612548828,
  "rel_l1": 0.028668077662587166,
  "max_abs": 0.08321774005889893
 },
 "video_vs_bf16": {
  "cosine": 0.999850332736969,
  "rel_l1": 0.012579964473843575,
  "max_abs": 0.02734375
 },
 "control": {
  "cosine": 0.999833345413208,
  "rel_l1": 0.017788494005799294,
  "max_abs": 0.0362737774848938
 }
}
