Fetching 29 files:   0%|          | 0/29 [00:00<?, ?it/s]Warning: You are sending unauthenticated requests to the HF Hub. Please set a HF_TOKEN to enable higher rate limits and faster downloads.
Fetching 29 files: 100%|██████████| 29/29 [00:00<00:00, 96.43it/s]Fetching 29 files: 100%|██████████| 29/29 [00:00<00:00, 96.22it/s]
Traceback (most recent call last):
  File "/mnt/models/tpuenv312/bin/difflet", line 10, in <module>
    sys.exit(main())
             ^^^^^^
  File "/mnt/models/Difflet/difflet/cli/main.py", line 950, in main
    run(args)
  File "/mnt/models/Difflet/difflet/cli/serve.py", line 226, in run
    stack = build_serving_stack(options)
            ^^^^^^^^^^^^^^^^^^^^^^^^^^^^
  File "/mnt/models/Difflet/difflet/serving/factory.py", line 39, in build_serving_stack
    runtime = preparer.prepare_runtime(
              ^^^^^^^^^^^^^^^^^^^^^^^^^
  File "/mnt/models/Difflet/difflet/serving/models/hunyuan_video.py", line 129, in prepare_runtime
    bindings = tuple(
               ^^^^^^
  File "/mnt/models/Difflet/difflet/serving/models/hunyuan_video.py", line 130, in <genexpr>
    manager.prepare(
  File "/mnt/models/Difflet/difflet/serving/artifact_manager.py", line 82, in prepare
    compile_artifact(target)
  File "/mnt/models/Difflet/difflet/serving/models/hunyuan_video.py", line 135, in <lambda>
    compile_artifact=lambda target, spec=spec: _compile_artifact(
                                               ^^^^^^^^^^^^^^^^^^
  File "/mnt/models/Difflet/difflet/serving/models/hunyuan_video.py", line 819, in _compile_artifact
    app = _build_llama_app(
          ^^^^^^^^^^^^^^^^^
  File "/mnt/models/Difflet/difflet/serving/models/hunyuan_video.py", line 876, in _build_llama_app
    from neuronx_distributed_inference.models.config import NeuronConfig, TensorCaptureConfig
ModuleNotFoundError: No module named 'neuronx_distributed_inference'
exit=1
