<frozen runpy>:128: RuntimeWarning: 'difflet.cli.main' found in sys.modules after import of package 'difflet.cli', but prior to execution of 'difflet.cli.main'; this may result in unpredictable behaviour
<frozen runpy>:128: RuntimeWarning: 'difflet.cli.main' found in sys.modules after import of package 'difflet.cli', but prior to execution of 'difflet.cli.main'; this may result in unpredictable behaviour
/home/ubuntu/Difflet/.venv/lib/python3.12/site-packages/neuronx_distributed/modules/moe/blockwise.py:100: DeprecationWarning: torch_neuronx.nki_jit is deprecated, use nki.jit instead.
  component, error = import_nki(config)
/home/ubuntu/Difflet/.venv/lib/python3.12/site-packages/neuronx_distributed/modules/moe/blockwise.py:102: UserWarning: Warning: Failed to import blockwise_mm_baseline_shard_hidden: No module named 'neuronxcc.nki._private.blockwise_mm'
  warnings.warn(f"Warning: {error}")
/home/ubuntu/Difflet/.venv/lib/python3.12/site-packages/neuronx_distributed/modules/moe/blockwise.py:102: UserWarning: Warning: Failed to import blockwise_mm_bwd: No module named 'neuronxcc.nki._private.blockwise_mm_bwd'
  warnings.warn(f"Warning: {error}")
/home/ubuntu/Difflet/.venv/lib/python3.12/site-packages/neuronx_distributed/modules/moe/blockwise.py:102: UserWarning: Warning: Failed to import blockwise_mm_bwd_baseline_shard_hidden: No module named 'neuronxcc.nki._private.blockwise_mm_bwd'
  warnings.warn(f"Warning: {error}")
Neuron: Loading presharded checkpoints for ranks: 0...3
Neuron: Presharded file read: 1.21s for 4 shard(s) (10836.7 MB total)
Neuron: Initializing traced model weights for ranks: 0...3 (runtime_start_rank_id=0)
Neuron: Finished traced model weight initialization in 90.79s (device init 90.79s, total load_weights 92.01s)
Neuron: Skipping model warmup
Neuron: Loading presharded checkpoints for ranks: 0...3
Neuron: Presharded file read: 0.55s for 4 shard(s) (28602.8 MB total)
Neuron: Initializing traced model weights for ranks: 0...3 (runtime_start_rank_id=0)
Neuron: Finished traced model weight initialization in 245.10s (device init 245.10s, total load_weights 245.65s)
Neuron: Skipping model warmup
[wan] latents saved to /home/ubuntu/Difflet/artifacts/wan_official_e2e_20261003_01/work-20261003T080249990682Z/latents.pt
/home/ubuntu/Difflet/.venv/lib/python3.12/site-packages/neuronx_distributed/modules/moe/blockwise.py:100: DeprecationWarning: torch_neuronx.nki_jit is deprecated, use nki.jit instead.
  component, error = import_nki(config)
/home/ubuntu/Difflet/.venv/lib/python3.12/site-packages/neuronx_distributed/modules/moe/blockwise.py:102: UserWarning: Warning: Failed to import blockwise_mm_baseline_shard_hidden: No module named 'neuronxcc.nki._private.blockwise_mm'
  warnings.warn(f"Warning: {error}")
/home/ubuntu/Difflet/.venv/lib/python3.12/site-packages/neuronx_distributed/modules/moe/blockwise.py:102: UserWarning: Warning: Failed to import blockwise_mm_bwd: No module named 'neuronxcc.nki._private.blockwise_mm_bwd'
  warnings.warn(f"Warning: {error}")
/home/ubuntu/Difflet/.venv/lib/python3.12/site-packages/neuronx_distributed/modules/moe/blockwise.py:102: UserWarning: Warning: Failed to import blockwise_mm_bwd_baseline_shard_hidden: No module named 'neuronxcc.nki._private.blockwise_mm_bwd'
  warnings.warn(f"Warning: {error}")
Neuron: Skipping model warmup
[wan] video saved to /home/ubuntu/Difflet/artifacts/wan_official_e2e_20261003_01/video-20261003T080249990682Z.mp4
